// Vitest Snapshot v1, https://vitest.dev/guide/snapshot.html

exports[`setup snippets > renders auth/oidc with all four enterprise provider sub-sections 1`] = `
"<p>App-native OpenID Connect is the production backend. marimohub discovers the
provider endpoints from <code>/.well-known/openid-configuration</code>. You supply the
issuer, client credentials, and redirect URI.</p>
<pre><code class="language-bash">MARIMOHUB_AUTH_BACKEND=oidc
MARIMOHUB_AUTH_OIDC_ISSUER=https://accounts.example.com
MARIMOHUB_AUTH_OIDC_CLIENT_ID=…
MARIMOHUB_AUTH_OIDC_CLIENT_SECRET=…
MARIMOHUB_AUTH_OIDC_REDIRECT_URI=https://hub.example.com/api/auth/callback
MARIMOHUB_AUTH_SESSION_SECRET=…            # signs the session cookie (HS256, ≥32 bytes)
MARIMOHUB_AUTH_ALLOWED_EMAIL_DOMAINS=example.com  # REQUIRED allowlist (verified email); \`*\` allows all
# MARIMOHUB_AUTH_OIDC_AUDIENCE=…           # deprecated and ignored; aud must contain the client ID
# MARIMOHUB_AUTH_OIDC_PROMPT=consent       # optional: override the default (select_account) OAuth prompt
# MARIMOHUB_AUTH_OIDC_SCOPES=&quot;openid email profile groups&quot; # add only provider-required scopes
</code></pre>
<p>The <strong>redirect URI</strong> is always <code>https://&lt;your-host&gt;/api/auth/callback</code>. Register
this exact value with your provider. A different value causes a
<code>redirect_uri_mismatch</code> error. <code>ALLOWED_EMAIL_DOMAINS</code> is <strong>required</strong>. Set one
or more domains, or set <code>*</code> to allow all.</p>
<p>If the provider publishes UserInfo, marimohub uses it for profile claims.
UserInfo must have the same <code>sub</code> as the validated ID token. Email verification
is required by default. If a trusted issuer omits <code>email_verified</code>, use
<code>MARIMOHUB_AUTH_OIDC_EMAIL_VERIFICATION=trusted-issuer</code>. This mode also permits
an omitted claim when a domain allowlist is active. If the claim is present, its
value must be boolean <code>true</code>.</p>
<p>The signed session JWT has a 3,800-byte limit. If necessary, marimohub omits the
profile picture first and the display name second. Required identity and
authorization claims are never omitted. Login fails if they exceed the limit.</p>
<p>The issuer, callback, discovered authorization, and discovered logout endpoints
must use HTTPS and cannot contain embedded credentials.</p>
<h3>Groups and roles</h3>
<p>Group authorization is optional and uses exact provider group IDs. Set a JSON
Pointer to the provider array. Then set at least one group policy:</p>
<pre><code class="language-bash">MARIMOHUB_AUTH_OIDC_GROUPS_CLAIM=/groups
MARIMOHUB_AUTH_OIDC_ALLOWED_GROUPS=hub-users
MARIMOHUB_AUTH_OIDC_SUPER_ADMIN_GROUPS=hub-platform-admins
MARIMOHUB_AUTH_OIDC_DEFAULT_VIEWER_GROUPS=hub-viewers
MARIMOHUB_AUTH_OIDC_DEFAULT_EDITOR_GROUPS=hub-editors
MARIMOHUB_AUTH_OIDC_DEFAULT_MANAGER_GROUPS=hub-project-managers
</code></pre>
<p>Nested claims use JSON Pointer syntax, such as <code>/realm_access/roles</code>.
<code>ALLOWED_GROUPS</code> controls login. The other lists map groups to internal
entitlements. The session cookie stores mapped entitlements, not raw groups.</p>
<p>Group sessions last at most one hour by default. This limit bounds the delay
after an IdP removes a user from a group. Kernels inherit the session JWT expiry
as a fixed authorization deadline. Active editors cannot extend it. Session
reuse keeps the earliest caller credential deadline. At expiry, the lifecycle
destroys the kernel and the proxy closes WebSockets. This teardown skips the
final capture so that the kernel stops promptly. Periodic snapshots limit
potential data loss.</p>
<p>Missing, malformed, or oversized group data cannot satisfy the login policy.
marimohub accepts at most 200 group IDs. It does not resolve group-overage
references from the provider. Configure the IdP to emit only the groups that
marimohub needs.
Group-derived roles apply only to the browser session. They do not transfer to
personal access tokens.</p>
<p>The user ID is the OIDC <code>sub</code> within the configured issuer. The same <code>sub</code> from
another issuer can identify a different person. Therefore, an issuer URL change
is an identity migration. Reconcile stored owners and members before the change.</p>
<p>Generate a session secret with <code>openssl rand -base64 32</code>.</p>
<h3>Login-policy module</h3>
<p>When a group mapping cannot express your access rule — for example, an approved
department AND a minimum level AND a set of required attribute values — load a
trusted login-policy module instead:</p>
<pre><code class="language-bash">MARIMOHUB_AUTH_OIDC_LOGIN_POLICY_BACKEND=library
MARIMOHUB_AUTH_OIDC_LOGIN_POLICY_LIBRARY=/etc/marimohub/oidc-login-policy.mjs
# MARIMOHUB_AUTH_OIDC_LOGIN_POLICY_TIMEOUT_SECONDS=5        # 1–30; a timeout denies login
# MARIMOHUB_AUTH_OIDC_LOGIN_POLICY_SESSION_TTL_SECONDS=3600 # 300–3600
</code></pre>
<p>The built-in adapter still completes all OIDC protocol work: discovery, PKCE,
state and nonce, ID-token verification, UserInfo subject binding, email
verification, and the email-domain allowlist. The module runs after that
validation and before session signing. It receives the validated ID-token and
UserInfo claims as separate read-only objects and returns one bounded result: an
allow or deny decision, plus the built-in entitlements (<code>super-admin</code>,
<code>default-role:viewer</code>, <code>default-role:editor</code>, <code>default-role:manager</code>).</p>
<p>Login-policy configuration is mutually exclusive with the group variables
above. A module can reproduce any group rule in code. The module applies to
browser sessions only; personal access tokens never receive login-policy
entitlements.</p>
<p>The module is trusted code and runs in-process with server privileges. Bundle
it (with its dependencies) into one <code>.mjs</code> file, pin its version, and mount the
same artifact on every replica. A module that fails to load stops the server at
startup. During login, a policy denial shows the user a generic access-policy
message; a policy error, timeout, or malformed result fails closed with the
generic sign-in error and a bounded operator log event — the host never
persists, logs, or writes raw claims into the session cookie. That guarantee
covers the host only: the module sees every claim and runs with server
privileges, so your policy code must not log or store claim values, and
reviews should verify that it doesn't.</p>
<p>Policy sessions last at most one hour, like group sessions, which bounds the
delay after an attribute or policy change. A module change requires a server
restart and takes effect on the next login.</p>
<p>This feature maps identity to login eligibility and coarse roles. It is not
resource-level access control: it cannot see projects or notebooks, and an
entitlement never bypasses project-role checks. See
<a href="/security">Security</a> for the boundary.</p>
<p>See
<a href="https://github.com/marimo-team/marimohub/blob/main/examples/external-adapter/oidc-login-policy.mjs"><code>examples/external-adapter/oidc-login-policy.mjs</code></a>
for a complete example.</p>
<h3>Google</h3>
<ol>
<li>In the <a href="https://console.cloud.google.com/apis/credentials">Google Cloud Console</a>,
open <strong>APIs &amp; Services → Credentials</strong>.</li>
<li><strong>Create Credentials → OAuth client ID</strong>, application type <strong>Web application</strong>.</li>
<li>Under <strong>Authorized redirect URIs</strong>, add <code>https://hub.example.com/api/auth/callback</code>.</li>
<li>Copy the <strong>Client ID</strong> and <strong>Client secret</strong>.</li>
</ol>
<pre><code class="language-bash">MARIMOHUB_AUTH_OIDC_ISSUER=https://accounts.google.com
MARIMOHUB_AUTH_OIDC_CLIENT_ID=…apps.googleusercontent.com
MARIMOHUB_AUTH_OIDC_CLIENT_SECRET=…
MARIMOHUB_AUTH_ALLOWED_EMAIL_DOMAINS=example.com   # a single domain is also sent to Google as the \`hd\` hint
</code></pre>
<p>The default OAuth <code>prompt</code> is <code>select_account</code>, which displays the Google
account chooser. Set <code>MARIMOHUB_AUTH_OIDC_PROMPT=consent</code> to display the consent
screen again.</p>
<p>See <a href="https://developers.google.com/identity/openid-connect/openid-connect">Google's OpenID Connect docs</a>.</p>
<h3>Microsoft Entra ID</h3>
<ol>
<li>In the <a href="https://entra.microsoft.com">Entra admin center</a> (or Azure Portal),
go to <strong>App registrations → New registration</strong>.</li>
<li>Set a <strong>Web</strong> redirect URI of <code>https://hub.example.com/api/auth/callback</code>.</li>
<li>From <strong>Overview</strong>, copy the <strong>Application (client) ID</strong> and <strong>Directory
(tenant) ID</strong>; under <strong>Certificates &amp; secrets</strong>, create a <strong>client secret</strong>.</li>
</ol>
<pre><code class="language-bash"># tenant-scoped issuer (use \`organizations\` or \`common\` for multi-tenant)
MARIMOHUB_AUTH_OIDC_ISSUER=https://login.microsoftonline.com/&lt;tenant-id&gt;/v2.0
MARIMOHUB_AUTH_OIDC_CLIENT_ID=&lt;application-client-id&gt;
MARIMOHUB_AUTH_OIDC_CLIENT_SECRET=…
</code></pre>
<p>See <a href="https://learn.microsoft.com/en-us/entra/identity-platform/v2-protocols-oidc">Microsoft's OIDC docs</a>.</p>
<h3>Okta</h3>
<ol>
<li>In the Okta Admin Console, open <strong>Applications → Create App Integration</strong>.</li>
<li>Choose <strong>OIDC - OpenID Connect</strong> and <strong>Web Application</strong>.</li>
<li>Add <code>https://hub.example.com/api/auth/callback</code> as a <strong>Sign-in redirect URI</strong>.</li>
<li>Copy the <strong>Client ID</strong> and <strong>Client secret</strong> from the app's <strong>General</strong> tab.</li>
</ol>
<pre><code class="language-bash">MARIMOHUB_AUTH_OIDC_ISSUER=https://&lt;your-org&gt;.okta.com
MARIMOHUB_AUTH_OIDC_CLIENT_ID=…
MARIMOHUB_AUTH_OIDC_CLIENT_SECRET=…
</code></pre>
<p>If you use an Okta authorization server, the issuer is
<code>https://&lt;your-org&gt;.okta.com/oauth2/&lt;server-id&gt;</code>. See
<a href="https://developer.okta.com/docs/concepts/oauth-openid/">Okta's OIDC docs</a>.</p>
<h3>Auth0</h3>
<ol>
<li>In the <a href="https://manage.auth0.com">Auth0 Dashboard</a>, open <strong>Applications →
Create Application</strong> and pick <strong>Regular Web Application</strong>.</li>
<li>Under <strong>Settings → Allowed Callback URLs</strong>, add
<code>https://hub.example.com/api/auth/callback</code>.</li>
<li>Copy the <strong>Domain</strong>, <strong>Client ID</strong>, and <strong>Client Secret</strong> from <strong>Settings</strong>.</li>
</ol>
<pre><code class="language-bash"># note the trailing slash on the issuer
MARIMOHUB_AUTH_OIDC_ISSUER=https://&lt;tenant&gt;.auth0.com/
MARIMOHUB_AUTH_OIDC_CLIENT_ID=…
MARIMOHUB_AUTH_OIDC_CLIENT_SECRET=…
</code></pre>
<p>See <a href="https://auth0.com/docs/authenticate/protocols/openid-connect-protocol">Auth0's OIDC docs</a>.</p>
"
`;

exports[`setup snippets > renders storage/s3 including the CoreWeave CAIOS sub-section 1`] = `
"<p>Works with any S3-compatible store (AWS S3, MinIO, Tigris, Ceph, CoreWeave
CAIOS, or Cloudflare R2 via its S3 endpoint).</p>
<ol>
<li><strong>Create a bucket</strong> for marimohub.</li>
<li><strong>Get credentials</strong> with read/write on that bucket (an access key + secret),
or rely on the instance/SDK default credential chain on AWS.</li>
<li><strong>Set the env:</strong></li>
</ol>
<pre><code class="language-bash">MARIMOHUB_STORAGE_BACKEND=s3
MARIMOHUB_STORAGE_S3_BUCKET=orgname-marimohub
MARIMOHUB_STORAGE_S3_ENDPOINT=https://s3.us-east-1.amazonaws.com  # omit for AWS
MARIMOHUB_STORAGE_S3_REGION=us-east-1
MARIMOHUB_STORAGE_S3_ACCESS_KEY_ID=…       # secret — or use the SDK default chain
MARIMOHUB_STORAGE_S3_SECRET_ACCESS_KEY=…   # secret
</code></pre>
<div class="custom-block warning"><p class="custom-block-title">Your store must support conditional writes</p>
<p>marimohub uses S3 <code>If-Match</code> to update notebooks safely and refuses to start on
a store that doesn't honor it. AWS S3, R2, Tigris, CoreWeave CAIOS, and recent
MinIO all qualify; very old MinIO/Ceph builds may not.</p>
</div>
<div class="custom-block tip"><p class="custom-block-title">MinIO / Ceph need path-style addressing</p>
<p>Set <code>MARIMOHUB_STORAGE_S3_FORCE_PATH_STYLE=true</code> for MinIO and Ceph, or requests
to the bucket will fail to resolve.</p>
</div>
<h3>CoreWeave CAIOS</h3>
<p>CAIOS (CoreWeave AI Object Storage) is CoreWeave's S3-compatible store and the
storage half of the <a href="/deploying/cks">CKS deployment</a>. Use the <code>s3</code> backend and
point the endpoint at CAIOS:</p>
<pre><code class="language-bash">MARIMOHUB_STORAGE_BACKEND=s3
MARIMOHUB_STORAGE_S3_BUCKET=orgname-marimohub
MARIMOHUB_STORAGE_S3_ENDPOINT=https://cwobject.com
MARIMOHUB_STORAGE_S3_ACCESS_KEY_ID=…         # CAIOS access key (secret)
MARIMOHUB_STORAGE_S3_SECRET_ACCESS_KEY=…     # CAIOS secret key (secret)
</code></pre>
"
`;
